[az-ankara.webflow.io/index.html]
[backblue.gif]
[fade.gif]
[index.html]
[assets-global.website-files.com/65293f1198babfd4b2f7525b/css/az-ankara.webflow.e740ca81f.css]
[ajax.googleapis.com/ajax/libs/webfont/1.6.26/webfont.js]
[assets-global.website-files.com/65293f1198babfd4b2f7525b/65294010b420e80c7262c226_Web Clip.jpg]
[az-ankara.webflow.io/home.html]
[az-ankara.webflow.io/features.html]
[az-ankara.webflow.io/about.html]
[az-ankara.webflow.io/blog.html]
[az-ankara.webflow.io/shop.html]
[az-ankara.webflow.io/contact.html]
[az-ankara.webflow.io/product/logo-jacket-pin-gold-coloured-border.html]
[az-ankara.webflow.io/post/designers-who-changed-the-web]
[az-ankara.webflow.io/category/digital-goods.html]
[az-ankara.webflow.io/blog-category/news.html]
[az-ankara.webflow.io/checkout.html]
[az-ankara.webflow.io/401.html]
[az-ankara.webflow.io/404.html]
[az-ankara.webflow.io/privacy.html]
[az-ankara.webflow.io/template/style-guide.html]
[az-ankara.webflow.io/template/licensing.html]
[az-ankara.webflow.io/template/change-log.html]
[az-ankara.webflow.io/template/instructions.html]
[assets-global.website-files.com/65293f1198babfd4b2f7525b/6543715bb27b1e2f5037abd4_Demo Hero Image Desktop View 3.webp]
[assets-global.website-files.com/65293f1198babfd4b2f7525b/6543715b53995b28c0565e63_Demo Hero Image Mobile View.webp]
[assets-global.website-files.com/65293f1198babfd4b2f7525b/6543715bf2a99a705c489ee1_Demo Hero Image Desktop View 2.webp]
[assets-global.website-files.com/65293f1198babfd4b2f7525b/6543715a679aa3307435d917_Demo Hero Image Mobile  View 2.webp]
[assets-global.website-files.com/65293f1198babfd4b2f7525b/6543715a46c8fbf84a795b30_Demo Hero Image Moible  View 3.webp]
[assets-global.website-files.com/65293f1198babfd4b2f7525b/6543715b44bc11c2b77e13a9_Demo Hero Image Desktop View.webp]
[assets-global.website-files.com/65293f1198babfd4b2f7525b/6539089954db0f08b4468dc0_Sections image.webp]
[assets-global.website-files.com/65293f1198babfd4b2f7525b/6539048d8ac59420bcd4a86c_Demo SG IMAGE.png]
[assets-global.website-files.com/65293f1198babfd4b2f7525b/6539042c625655b5cea2a4b9_Ankara Home Page Image.png]
[assets-global.website-files.com/65293f1198babfd4b2f7525b/65391f491d983297b0007695_Features Page.webp]
[assets-global.website-files.com/65293f1198babfd4b2f7525b/6539042c0a1dd5303114654c_Ankara About Page Image.webp]
[assets-global.website-files.com/65293f1198babfd4b2f7525b/6539042f1c01bb32442a04f8_Shop Page Image.png]
[az-ankara.webflow.io/pricing.html]
[assets-global.website-files.com/65293f1198babfd4b2f7525b/6539042c631557f00cebd3cc_Pricing page image.png]
[assets-global.website-files.com/65293f1198babfd4b2f7525b/6548bccecfea2afb6552a073_Cart.png]
[assets-global.website-files.com/65293f1198babfd4b2f7525b/6539042c58d4b4931fb9c911_Blog Image.png]
[az-ankara.webflow.io/post/ai-image-processing-engine.html]
[assets-global.website-files.com/65293f1198babfd4b2f7525b/6539042cfb8add4a06315f95_Blog Details image.webp]
[assets-global.website-files.com/65293f1198babfd4b2f7525b/6539042c192fb496f447770f_Checkout image.png]
[assets-global.website-files.com/65293f1198babfd4b2f7525b/6539042cfb8add4a06315f8d_Contact Image.png]
[assets-global.website-files.com/65293f1198babfd4b2f7525b/6544e9c6f443654b1d698c1e_Demo 404.png]
[assets-global.website-files.com/65293f1198babfd4b2f7525b/6539042bdaefc4d8a6517a89_401.png]
[assets-global.website-files.com/65293f1198babfd4b2f7525b/6539043988dff21b82e129de_Figma File Image.png]
[assets-global.website-files.com/65293f1198babfd4b2f7525b/6539043080ddc9e9a467ebb1_ Cookie Image.png]
[assets-global.website-files.com/65293f1198babfd4b2f7525b/6539043adaefc4d8a651acef_Email Signature Image.png]
[assets-global.website-files.com/65293f1198babfd4b2f7525b/65390a5658d4b4931fc04f14_sg.png]
[assets-global.website-files.com/65293f1198babfd4b2f7525b/65293f1298babfd4b2f752d4_Open Source Fonts Image.webp]
[assets-global.website-files.com/65293f1198babfd4b2f7525b/65293f1298babfd4b2f752d9_OpenSource-Icons.webp]
[assets-global.website-files.com/65293f1198babfd4b2f7525b/6539044188dff21b82e131cf_Template image.png]
[assets-global.website-files.com/65293f1198babfd4b2f7525b/65293f1298babfd4b2f752d2_Wedoflow-CTA-Image.webp]
[assets-global.website-files.com/65293f1198babfd4b2f7525b/652ea72c469da6187784cea1_AI Generated Image 01.webp]
[assets-global.website-files.com/65293f1198babfd4b2f7525b/652ea72c321c9d3a4a14840f_AI Generated Image 03.webp]
[assets-global.website-files.com/65293f1198babfd4b2f7525b/652ea72a57cc264ffba424b1_AI Generated Image 02.webp]
[assets-global.website-files.com/65293f1198babfd4b2f7525b/652fda1049275a63325b7fd4_an_attractive_lighthouse_placed_in_a_high_cliff_surroun_a6eaebac-ce3f-4190-a7fb-2899983904c0 1.webp]
[assets-global.website-files.com/65293f1198babfd4b2f7525b/653777efdebb5fb77920f3f0_AI Generate Image 3.webp]
[assets-global.website-files.com/65293f1198babfd4b2f7525b/652ea72cfdbcb368db9ba1ef_AI Generated Image 05.webp]
[assets-global.website-files.com/65293f1198babfd4b2f7525b/652ea72d878288ffe95b83a2_AI Generated Image 09.webp]
[assets-global.website-files.com/65293f1198babfd4b2f7525b/652ea72d1c92a93495543715_AI Generated Image 07.webp]
[assets-global.website-files.com/65293f1198babfd4b2f7525b/652ea72d878288ffe95b8589_AI Generated Image 10.webp]
[assets-global.website-files.com/65293f1198babfd4b2f7525b/652ea72ddee949d1db0aa57e_AI Generated Image 11.webp]
[assets-global.website-files.com/65293f1198babfd4b2f7525b/653a6fe62cbf8958aaa07873_Grid With Shadow.png]
[assets-global.website-files.com/65293f1198babfd4b2f7525b/6538ceba2fb8f550330c3916_1 Footer image.webp]
[d3e54v103j8qbb.cloudfront.net/js/jquery-3.5.1.min.dc5e7f18c8ae05.js]
[az-ankara.webflow.io/index.html]
[assets-global.website-files.com/65293f1198babfd4b2f7525b/652cfb266bb740b2dbda14b2_Mask group.png]
[assets-global.website-files.com/65293f1198babfd4b2f7525b/js/webflow.71cebb6c5.js]
[assets-global.website-files.com/65293f1198babfd4b2f7525b/65410efff72fa8746af2a51a_AI HERO GENERATE 3.webp]
[assets-global.website-files.com/65293f1198babfd4b2f7525b/65410efa43c2af36943aedd5_AI HERO GENERATE 2.webp]
[assets-global.website-files.com/65293f1198babfd4b2f7525b/65410ed7edc1009bbd14a858_AI HERO GENERATE 4.webp]
[assets-global.website-files.com/65293f1198babfd4b2f7525b/65410ed73d5e5086b6923e85_AI HERO GENERATE.webp]
[assets-global.website-files.com/65293f1198babfd4b2f7525b/65410ed6ef28bc5d0ddba186_AI HERO GENERATE 7.webp]
[assets-global.website-files.com/65293f1198babfd4b2f7525b/65410ed60126ab97b22392b0_AI HERO GENERATE 5.webp]
[assets-global.website-files.com/65293f1198babfd4b2f7525b/65410ed694889bb0abe103f2_AI HERO GENERATE 6.webp]
[assets-global.website-files.com/65293f1198babfd4b2f7525b/652d29af22ff7465422256df_AI Image .webp]
[assets-global.website-files.com/65293f1198babfd4b2f7525b/652d29b08404dd7d3f5863aa_AI Image 3.webp]
[assets-global.website-files.com/65293f1198babfd4b2f7525b/652d29b0b4f9def31aca72d3_AI Image 2.webp]
[assets-global.website-files.com/65293f1198babfd4b2f7525b/652e440325bc3da333e3f74d_AI Generated Image 2.webp]
[assets-global.website-files.com/65293f1198babfd4b2f7525b/652e44029790fb23e2381b79_AI Generated Image.webp]
[assets-global.website-files.com/65293f1198babfd4b2f7525b/653777f0648baac93061f858_AI Generate Image 2.webp]
[assets-global.website-files.com/65293f1198babfd4b2f7525b/653a6582d1db233f64021971_AI CAR.webp]
[assets-global.website-files.com/65293f1198babfd4b2f7525b/653777f07cae3740f0123198_AI Generate Image 6.webp]
[assets-global.website-files.com/65293f1198babfd4b2f7525b/653777f00e3ce3036bed252e_AI Generate Image 5.webp]
[assets-global.website-files.com/65293f1198babfd4b2f7525b/653777f0b09cd7935c96941f_About AI Generate Image.webp]
[assets-global.website-files.com/65293f1198babfd4b2f7525b/652e422c0591c7106e2a8aa0_Data Processor 2.webp]
[assets-global.website-files.com/65293f1198babfd4b2f7525b/652e422b81ddb13871fe6e4c_Data Processor 3.png]
[assets-global.website-files.com/65293f1298babfd4b2f752dd/65420f122523e14bedefd8c2_Ankara Blog Thumbnail Image.png]
[az-ankara.webflow.io/post/specific-industries.html]
[assets-global.website-files.com/65293f1298babfd4b2f752dd/65420f4cd0dca45622659d11_Ankara Blog Thumbnail Image 2.png]
[az-ankara.webflow.io/post/ai-in-the-future.html]
[assets-global.website-files.com/65293f1298babfd4b2f752dd/654213da7ab3b4d53b6d1ec7_Ankara Blog Thumbnail Image 6.png]
[az-ankara.webflow.io/home.html]
[assets-global.website-files.com/65293f1198babfd4b2f7525b/653a65872f7af5d28e033114_AI Gen .webp]
[assets-global.website-files.com/65293f1198babfd4b2f7525b/653a1e4c7eb6fd8866a24133_AI midjourney 3.webp]
[assets-global.website-files.com/65293f1198babfd4b2f7525b/653777f050a9f57b6c2bf1dc_AI Generate Image 4.webp]
[assets-global.website-files.com/65293f1198babfd4b2f7525b/653a65858a1820765f558eb9_AI Drink.webp]
[az-ankara.webflow.io/features.html]
[assets-global.website-files.com/65293f1198babfd4b2f7525b/653777f0d3f488ada0fb8c3c_AI Generate Image 7.webp]
[assets-global.website-files.com/65293f1198babfd4b2f7525b/653777f07611811ba933dfc2_AI Generate Image 8.webp]
[az-ankara.webflow.io/about.html]
[az-ankara.webflow.io/blog-category/case-study.html]
[az-ankara.webflow.io/post/from-idea-to-app.html]
[assets-global.website-files.com/65293f1298babfd4b2f752dd/65420f9d6f4c14b4e53918ae_Ankara Blog Thumbnail Image 7.png]
[assets-global.website-files.com/65293f1298babfd4b2f752dd/65420f71e6a27a5b5d0518be_Ankara Blog Thumbnail Image 5.png]
[az-ankara.webflow.io/post/ai-and-creativity.html]
[az-ankara.webflow.io/post/ai-app-updates.html]
[assets-global.website-files.com/65293f1298babfd4b2f752dd/654213bf6f4c14b4e53c6239_Ankara Blog Thumbnail Image 3.png]
[az-ankara.webflow.io/post/our-ai-app.html]
[assets-global.website-files.com/65293f1298babfd4b2f752dd/652ffa21d9e8dd6e6da91424_Ankara Blog Thumbnail Image 6.png]
[az-ankara.webflow.io/blog.html]
[az-ankara.webflow.io/category/physical-goods.html]
[az-ankara.webflow.io/product/logo-sticker-print-hight-quallity.html]
[assets-global.website-files.com/65293f1298babfd4b2f752dd/65312d4390d9ea5e18070d2f_Shop Sticker image.png]
[assets-global.website-files.com/65293f1298babfd4b2f752dd/65312d4417a2030cb63ad213_Shop Pin Image.png]
[az-ankara.webflow.io/product/black-t-shirt-logo-centre-print.html]
[assets-global.website-files.com/65293f1298babfd4b2f752dd/65312d39a8818b2ec1e3141f_Shop Shirt Image.png]
[az-ankara.webflow.io/product/unique-set-of-icons-for-your-next-project.html]
[assets-global.website-files.com/65293f1298babfd4b2f752dd/65312d59e7c34db4daf63a60_Shop Icon .png]
[az-ankara.webflow.io/product/how-to-use-webflow-template-tutorial.html]
[assets-global.website-files.com/65293f1298babfd4b2f752dd/65312d43ad15c7410837c11d_Sjop Tutorial Image.png]
[az-ankara.webflow.io/product/what-are-webflow-templates-ebook.html]
[assets-global.website-files.com/65293f1298babfd4b2f752dd/65312d5984ba0acaffb72153_Shop Ebook Image.png]
[az-ankara.webflow.io/shop.html]
[assets-global.website-files.com/65293f1198babfd4b2f7525b/6543a3486fb083299ed3c66f__an_old_telephone_with_cable_red_color_placed_on_a_shelf_fe9480b7-dc85-4149-9524-66dfef1c6ee0 1.webp]
[az-ankara.webflow.io/contact.html]
[az-ankara.webflow.io/product/logo-jacket-pin-gold-coloured-border.html]
[az-ankara.webflow.io/post/designers-who-changed-the-web.html]
[az-ankara.webflow.io/category/digital-goods.html]
[az-ankara.webflow.io/blog-category/news.html]
[az-ankara.webflow.io/checkout.html]
[az-ankara.webflow.io/401.html]
[az-ankara.webflow.io/404.html]
[az-ankara.webflow.io/privacy.html]
[assets-global.website-files.com/65293f1198babfd4b2f7525b/65293f1298babfd4b2f7530a_63fe61b8ccb659b8f0e73160_webflow-website.jpg]
[az-ankara.webflow.io/template/style-guide.html]
[assets-global.website-files.com/65293f1198babfd4b2f7525b/65293f1298babfd4b2f752cb_Unsplash.webp]
[assets-global.website-files.com/65293f1198babfd4b2f7525b/65293f1298babfd4b2f752f2_FeatherIcons.webp]
[az-ankara.webflow.io/template/licensing.html]
[az-ankara.webflow.io/template/change-log.html]
[assets-global.website-files.com/65293f1198babfd4b2f7525b/653282c1771ae7cf47d35ede_Instructions Image.webp]
[assets-global.website-files.com/65293f1198babfd4b2f7525b/65450b2e67da5fb9bedefbfd_Instructions Image .webp]
[assets-global.website-files.com/65293f1198babfd4b2f7525b/65450ca54f822ba6f7c6fbac_Third Instructions Image .webp]
[az-ankara.webflow.io/template/instructions.html]
[assets-global.website-files.com/65293f1198babfd4b2f7525b/653904359cec1225c2c93079_12+ Pages Image.webp]
[az-ankara.webflow.io/pricing.html]
[assets-global.website-files.com/65293f1298babfd4b2f752dd/6530ea03dcc93eda5fa70b64_AI Blog Main Image.png]
[az-ankara.webflow.io/post/ai-image-processing-engine.html]
[assets-global.website-files.com/65293f1298babfd4b2f752dd/65420f3e7ab3b4d53b69adbd_Ankara Blog Main Image 2-min.png]
[az-ankara.webflow.io/post/specific-industries.html]
[assets-global.website-files.com/65293f1298babfd4b2f752dd/654213d26d085e5c476d8e4e_Ankara Blog Main Image 6-min.png]
[az-ankara.webflow.io/post/ai-in-the-future.html]
[az-ankara.webflow.io/blog-category/case-study.html]
[assets-global.website-files.com/65293f1298babfd4b2f752dd/65420f83979a2fb47dcbdcbb_Ankara Blog Main Image 7-min.png]
[az-ankara.webflow.io/post/from-idea-to-app.html]
[assets-global.website-files.com/65293f1298babfd4b2f752dd/65420f65fecb56b6ff2b0e60_Ankara Blog Main Image 5-min.png]
[az-ankara.webflow.io/post/ai-and-creativity.html]
[az-ankara.webflow.io/post/ai-app-updates.html]
[assets-global.website-files.com/65293f1298babfd4b2f752dd/654213e984e4059b9b1c390e_Ankara Blog Main Image 4-min.png]
[az-ankara.webflow.io/post/our-ai-app.html]
[az-ankara.webflow.io/category/physical-goods.html]
[az-ankara.webflow.io/product/logo-sticker-print-hight-quallity.html]
[az-ankara.webflow.io/product/black-t-shirt-logo-centre-print.html]
[az-ankara.webflow.io/product/unique-set-of-icons-for-your-next-project.html]
[az-ankara.webflow.io/product/how-to-use-webflow-template-tutorial.html]
[az-ankara.webflow.io/product/what-are-webflow-templates-ebook.html]
[ajax.googleapis.com/ajax/libs/webfont/1.6.26/webfont.js]
[assets-global.website-files.com/65293f1198babfd4b2f7525b/65293f1298babfd4b2f752d5_Wedoflow-3d-Icon.webp]
[assets-global.website-files.com/65293f1198babfd4b2f7525b/css/az-ankara.webflow.e740ca81f.css]
[az-ankara.webflow.io/home.html]
[assets-global.website-files.com/65293f1198babfd4b2f7525b/653904359cec1225c2c93079_12+ Pages Image.webp]
[az-ankara.webflow.io/pricing.html]
[az-ankara.webflow.io/post/ai-image-processing-engine.html]
[az-ankara.webflow.io/post/specific-industries.html]
[az-ankara.webflow.io/post/ai-in-the-future.html]
[az-ankara.webflow.io/blog-category/case-study.html]
[az-ankara.webflow.io/post/ai-and-creativity.html]
[az-ankara.webflow.io/post/ai-app-updates.html]
[az-ankara.webflow.io/post/our-ai-app.html]
[az-ankara.webflow.io/product/black-t-shirt-logo-centre-print.html]
[az-ankara.webflow.io/product/unique-set-of-icons-for-your-next-project.html]
[az-ankara.webflow.io/product/how-to-use-webflow-template-tutorial.html]
[az-ankara.webflow.io/product/what-are-webflow-templates-ebook.html]
[assets-global.website-files.com/65293f1198babfd4b2f7525b/65390a34daefc4d8a658b2db_CTA.png]
[az-ankara.webflow.io/category/physical-goods.html]
